21:06:53 **** Incremental Build of configuration Debug for project first_project ****
make all 
Invoking: Cross ARM GNU Print Size
arm-none-eabi-size --format=berkeley "first_project.elf"
   text	   data	    bss	    dec	    hex	filename
  13776	    120	   3088	  16984	   4258	first_project.elf
Finished building: first_project.siz
 
21:10:54 **** Incremental Build of configuration Debug for project first_project ****
make all 
Invoking: Cross ARM GNU Print Size
arm-none-eabi-size --format=berkeley "first_project.elf"
   text	   data	    bss	    dec	    hex	filename
  13776	    120	   3088	  16984	   4258	first_project.elf
Finished building: first_project.siz
 
